This is pdfTeX, Version 3.141592653-2.6-1.40.27 (TeX Live 2025) (preloaded format=pdflatex 2025.10.22)  20 JUN 2026 23:10
entering extended mode
 restricted \write18 enabled.
 file:line:error style messages enabled.
 %&-line parsing enabled.
**/Users/michaliwaniuk/pda-subgrad-logreg/report/report.tex
(/Users/michaliwaniuk/pda-subgrad-logreg/report/report.tex
LaTeX2e <2024-11-01> patch level 2
L3 programming layer <2025-01-18>
(/usr/local/texlive/2025/texmf-dist/tex/latex/base/article.cls
Document Class: article 2024/06/29 v1.4n Standard LaTeX document class
(/usr/local/texlive/2025/texmf-dist/tex/latex/base/size11.clo
File: size11.clo 2024/06/29 v1.4n Standard LaTeX file (size option)
)
\c@part=\count196
\c@section=\count197
\c@subsection=\count198
\c@subsubsection=\count199
\c@paragraph=\count266
\c@subparagraph=\count267
\c@figure=\count268
\c@table=\count269
\abovecaptionskip=\skip49
\belowcaptionskip=\skip50
\bibindent=\dimen141
) (/usr/local/texlive/2025/texmf-dist/tex/latex/geometry/geometry.sty
Package: geometry 2020/01/02 v5.9 Page Geometry
 (/usr/local/texlive/2025/texmf-dist/tex/latex/graphics/keyval.sty
Package: keyval 2022/05/29 v1.15 key=value parser (DPC)
\KV@toks@=\toks17
) (/usr/local/texlive/2025/texmf-dist/tex/generic/iftex/ifvtex.sty
Package: ifvtex 2019/10/25 v1.7 ifvtex legacy package. Use iftex instead.
 (/usr/local/texlive/2025/texmf-dist/tex/generic/iftex/iftex.sty
Package: iftex 2024/12/12 v1.0g TeX engine tests
))
\Gm@cnth=\count270
\Gm@cntv=\count271
\c@Gm@tempcnt=\count272
\Gm@bindingoffset=\dimen142
\Gm@wd@mp=\dimen143
\Gm@odd@mp=\dimen144
\Gm@even@mp=\dimen145
\Gm@layoutwidth=\dimen146
\Gm@layoutheight=\dimen147
\Gm@layouthoffset=\dimen148
\Gm@layoutvoffset=\dimen149
\Gm@dimlist=\toks18
) (/usr/local/texlive/2025/texmf-dist/tex/latex/amsmath/amsmath.sty
Package: amsmath 2024/11/05 v2.17t AMS math features
\@mathmargin=\skip51

For additional information on amsmath, use the `?' option.
(/usr/local/texlive/2025/texmf-dist/tex/latex/amsmath/amstext.sty
Package: amstext 2021/08/26 v2.01 AMS text
 (/usr/local/texlive/2025/texmf-dist/tex/latex/amsmath/amsgen.sty
File: amsgen.sty 1999/11/30 v2.0 generic functions
\@emptytoks=\toks19
\ex@=\dimen150
)) (/usr/local/texlive/2025/texmf-dist/tex/latex/amsmath/amsbsy.sty
Package: amsbsy 1999/11/29 v1.2d Bold Symbols
\pmbraise@=\dimen151
) (/usr/local/texlive/2025/texmf-dist/tex/latex/amsmath/amsopn.sty
Package: amsopn 2022/04/08 v2.04 operator names
)
\inf@bad=\count273
LaTeX Info: Redefining \frac on input line 233.
\uproot@=\count274
\leftroot@=\count275
LaTeX Info: Redefining \overline on input line 398.
LaTeX Info: Redefining \colon on input line 409.
\classnum@=\count276
\DOTSCASE@=\count277
LaTeX Info: Redefining \ldots on input line 495.
LaTeX Info: Redefining \dots on input line 498.
LaTeX Info: Redefining \cdots on input line 619.
\Mathstrutbox@=\box52
\strutbox@=\box53
LaTeX Info: Redefining \big on input line 721.
LaTeX Info: Redefining \Big on input line 722.
LaTeX Info: Redefining \bigg on input line 723.
LaTeX Info: Redefining \Bigg on input line 724.
\big@size=\dimen152
LaTeX Font Info:    Redeclaring font encoding OML on input line 742.
LaTeX Font Info:    Redeclaring font encoding OMS on input line 743.
\macc@depth=\count278
LaTeX Info: Redefining \bmod on input line 904.
LaTeX Info: Redefining \pmod on input line 909.
LaTeX Info: Redefining \smash on input line 939.
LaTeX Info: Redefining \relbar on input line 969.
LaTeX Info: Redefining \Relbar on input line 970.
\c@MaxMatrixCols=\count279
\dotsspace@=\muskip17
\c@parentequation=\count280
\dspbrk@lvl=\count281
\tag@help=\toks20
\row@=\count282
\column@=\count283
\maxfields@=\count284
\andhelp@=\toks21
\eqnshift@=\dimen153
\alignsep@=\dimen154
\tagshift@=\dimen155
\tagwidth@=\dimen156
\totwidth@=\dimen157
\lineht@=\dimen158
\@envbody=\toks22
\multlinegap=\skip52
\multlinetaggap=\skip53
\mathdisplay@stack=\toks23
LaTeX Info: Redefining \[ on input line 2953.
LaTeX Info: Redefining \] on input line 2954.
) (/usr/local/texlive/2025/texmf-dist/tex/latex/amsfonts/amssymb.sty
Package: amssymb 2013/01/14 v3.01 AMS font symbols
 (/usr/local/texlive/2025/texmf-dist/tex/latex/amsfonts/amsfonts.sty
Package: amsfonts 2013/01/14 v3.01 Basic AMSFonts support
\symAMSa=\mathgroup4
\symAMSb=\mathgroup5
LaTeX Font Info:    Redeclaring math symbol \hbar on input line 98.
LaTeX Font Info:    Overwriting math alphabet `\mathfrak' in version `bold'
(Font)                  U/euf/m/n --> U/euf/b/n on input line 106.
)) (/usr/local/texlive/2025/texmf-dist/tex/latex/tools/array.sty
Package: array 2024/10/17 v2.6g Tabular extension package (FMi)
\col@sep=\dimen159
\ar@mcellbox=\box54
\extrarowheight=\dimen160
\NC@list=\toks24
\extratabsurround=\skip54
\backup@length=\skip55
\ar@cellbox=\box55
) (/usr/local/texlive/2025/texmf-dist/tex/latex/booktabs/booktabs.sty
Package: booktabs 2020/01/12 v1.61803398 Publication quality tables
\heavyrulewidth=\dimen161
\lightrulewidth=\dimen162
\cmidrulewidth=\dimen163
\belowrulesep=\dimen164
\belowbottomsep=\dimen165
\aboverulesep=\dimen166
\abovetopsep=\dimen167
\cmidrulesep=\dimen168
\cmidrulekern=\dimen169
\defaultaddspace=\dimen170
\@cmidla=\count285
\@cmidlb=\count286
\@aboverulesep=\dimen171
\@belowrulesep=\dimen172
\@thisruleclass=\count287
\@lastruleclass=\count288
\@thisrulewidth=\dimen173
) (/usr/local/texlive/2025/texmf-dist/tex/latex/graphics/graphicx.sty
Package: graphicx 2021/09/16 v1.2d Enhanced LaTeX Graphics (DPC,SPQR)
 (/usr/local/texlive/2025/texmf-dist/tex/latex/graphics/graphics.sty
Package: graphics 2024/08/06 v1.4g Standard LaTeX Graphics (DPC,SPQR)
 (/usr/local/texlive/2025/texmf-dist/tex/latex/graphics/trig.sty
Package: trig 2023/12/02 v1.11 sin cos tan (DPC)
) (/usr/local/texlive/2025/texmf-dist/tex/latex/graphics-cfg/graphics.cfg
File: graphics.cfg 2016/06/04 v1.11 sample graphics configuration
)
Package graphics Info: Driver file: pdftex.def on input line 106.
 (/usr/local/texlive/2025/texmf-dist/tex/latex/graphics-def/pdftex.def
File: pdftex.def 2024/04/13 v1.2c Graphics/color driver for pdftex
))
\Gin@req@height=\dimen174
\Gin@req@width=\dimen175
) (/usr/local/texlive/2025/texmf-dist/tex/latex/hyperref/hyperref.sty
Package: hyperref 2024-11-05 v7.01l Hypertext links for LaTeX
 (/usr/local/texlive/2025/texmf-dist/tex/latex/kvsetkeys/kvsetkeys.sty
Package: kvsetkeys 2022-10-05 v1.19 Key value parser (HO)
) (/usr/local/texlive/2025/texmf-dist/tex/generic/kvdefinekeys/kvdefinekeys.sty
Package: kvdefinekeys 2019-12-19 v1.6 Define keys (HO)
) (/usr/local/texlive/2025/texmf-dist/tex/generic/pdfescape/pdfescape.sty
Package: pdfescape 2019/12/09 v1.15 Implements pdfTeX's escape features (HO)
 (/usr/local/texlive/2025/texmf-dist/tex/generic/ltxcmds/ltxcmds.sty
Package: ltxcmds 2023-12-04 v1.26 LaTeX kernel commands for general use (HO)
) (/usr/local/texlive/2025/texmf-dist/tex/generic/pdftexcmds/pdftexcmds.sty
Package: pdftexcmds 2020-06-27 v0.33 Utility functions of pdfTeX for LuaTeX (HO)
 (/usr/local/texlive/2025/texmf-dist/tex/generic/infwarerr/infwarerr.sty
Package: infwarerr 2019/12/03 v1.5 Providing info/warning/error messages (HO)
)
Package pdftexcmds Info: \pdf@primitive is available.
Package pdftexcmds Info: \pdf@ifprimitive is available.
Package pdftexcmds Info: \pdfdraftmode found.
)) (/usr/local/texlive/2025/texmf-dist/tex/latex/hycolor/hycolor.sty
Package: hycolor 2020-01-27 v1.10 Color options for hyperref/bookmark (HO)
) (/usr/local/texlive/2025/texmf-dist/tex/latex/hyperref/nameref.sty
Package: nameref 2023-11-26 v2.56 Cross-referencing by name of section
 (/usr/local/texlive/2025/texmf-dist/tex/latex/refcount/refcount.sty
Package: refcount 2019/12/15 v3.6 Data extraction from label references (HO)
) (/usr/local/texlive/2025/texmf-dist/tex/generic/gettitlestring/gettitlestring.sty
Package: gettitlestring 2019/12/15 v1.6 Cleanup title references (HO)
 (/usr/local/texlive/2025/texmf-dist/tex/latex/kvoptions/kvoptions.sty
Package: kvoptions 2022-06-15 v3.15 Key value format for package options (HO)
))
\c@section@level=\count289
) (/usr/local/texlive/2025/texmf-dist/tex/latex/etoolbox/etoolbox.sty
Package: etoolbox 2025/02/11 v2.5l e-TeX tools for LaTeX (JAW)
\etb@tempcnta=\count290
) (/usr/local/texlive/2025/texmf-dist/tex/generic/stringenc/stringenc.sty
Package: stringenc 2019/11/29 v1.12 Convert strings between diff. encodings (HO)
)
\@linkdim=\dimen176
\Hy@linkcounter=\count291
\Hy@pagecounter=\count292
 (/usr/local/texlive/2025/texmf-dist/tex/latex/hyperref/pd1enc.def
File: pd1enc.def 2024-11-05 v7.01l Hyperref: PDFDocEncoding definition (HO)
Now handling font encoding PD1 ...
... no UTF-8 mapping file for font encoding PD1
) (/usr/local/texlive/2025/texmf-dist/tex/generic/intcalc/intcalc.sty
Package: intcalc 2019/12/15 v1.3 Expandable calculations with integers (HO)
)
\Hy@SavedSpaceFactor=\count293
 (/usr/local/texlive/2025/texmf-dist/tex/latex/hyperref/puenc.def
File: puenc.def 2024-11-05 v7.01l Hyperref: PDF Unicode definition (HO)
Now handling font encoding PU ...
... no UTF-8 mapping file for font encoding PU
)
Package hyperref Info: Hyper figures OFF on input line 4157.
Package hyperref Info: Link nesting OFF on input line 4162.
Package hyperref Info: Hyper index ON on input line 4165.
Package hyperref Info: Plain pages OFF on input line 4172.
Package hyperref Info: Backreferencing OFF on input line 4177.
Package hyperref Info: Implicit mode ON; LaTeX internals redefined.
Package hyperref Info: Bookmarks ON on input line 4424.
\c@Hy@tempcnt=\count294
 (/usr/local/texlive/2025/texmf-dist/tex/latex/url/url.sty
\Urlmuskip=\muskip18
Package: url 2013/09/16  ver 3.4  Verb mode for urls, etc.
)
LaTeX Info: Redefining \url on input line 4763.
\XeTeXLinkMargin=\dimen177
 (/usr/local/texlive/2025/texmf-dist/tex/generic/bitset/bitset.sty
Package: bitset 2019/12/09 v1.3 Handle bit-vector datatype (HO)
 (/usr/local/texlive/2025/texmf-dist/tex/generic/bigintcalc/bigintcalc.sty
Package: bigintcalc 2019/12/15 v1.5 Expandable calculations on big integers (HO)
))
\Fld@menulength=\count295
\Field@Width=\dimen178
\Fld@charsize=\dimen179
Package hyperref Info: Hyper figures OFF on input line 6042.
Package hyperref Info: Link nesting OFF on input line 6047.
Package hyperref Info: Hyper index ON on input line 6050.
Package hyperref Info: backreferencing OFF on input line 6057.
Package hyperref Info: Link coloring OFF on input line 6062.
Package hyperref Info: Link coloring with OCG OFF on input line 6067.
Package hyperref Info: PDF/A mode OFF on input line 6072.
 (/usr/local/texlive/2025/texmf-dist/tex/latex/base/atbegshi-ltx.sty
Package: atbegshi-ltx 2021/01/10 v1.0c Emulation of the original atbegshi
package with kernel methods
)
\Hy@abspage=\count296
\c@Item=\count297
\c@Hfootnote=\count298
)
Package hyperref Info: Driver (autodetected): hpdftex.
 (/usr/local/texlive/2025/texmf-dist/tex/latex/hyperref/hpdftex.def
File: hpdftex.def 2024-11-05 v7.01l Hyperref driver for pdfTeX
 (/usr/local/texlive/2025/texmf-dist/tex/latex/base/atveryend-ltx.sty
Package: atveryend-ltx 2020/08/19 v1.0a Emulation of the original atveryend package
with kernel methods
)
\Fld@listcount=\count299
\c@bookmark@seq@number=\count300
 (/usr/local/texlive/2025/texmf-dist/tex/latex/rerunfilecheck/rerunfilecheck.sty
Package: rerunfilecheck 2022-07-10 v1.10 Rerun checks for auxiliary files (HO)
 (/usr/local/texlive/2025/texmf-dist/tex/generic/uniquecounter/uniquecounter.sty
Package: uniquecounter 2019/12/15 v1.4 Provide unlimited unique counter (HO)
)
Package uniquecounter Info: New unique counter `rerunfilecheck' on input line 285.
)
\Hy@SectionHShift=\skip56
) (/usr/local/texlive/2025/texmf-dist/tex/latex/placeins/placeins.sty
Package: placeins 2005/04/18  v 2.2
) (/usr/local/texlive/2025/texmf-dist/tex/latex/l3backend/l3backend-pdftex.def
File: l3backend-pdftex.def 2024-05-08 L3 backend support: PDF output (pdfTeX)
\l__color_backend_stack_int=\count301
\l__pdf_internal_box=\box56
) (./report.aux)
\openout1 = `report.aux'.

LaTeX Font Info:    Checking defaults for OML/cmm/m/it on input line 18.
LaTeX Font Info:    ... okay on input line 18.
LaTeX Font Info:    Checking defaults for OMS/cmsy/m/n on input line 18.
LaTeX Font Info:    ... okay on input line 18.
LaTeX Font Info:    Checking defaults for OT1/cmr/m/n on input line 18.
LaTeX Font Info:    ... okay on input line 18.
LaTeX Font Info:    Checking defaults for T1/cmr/m/n on input line 18.
LaTeX Font Info:    ... okay on input line 18.
LaTeX Font Info:    Checking defaults for TS1/cmr/m/n on input line 18.
LaTeX Font Info:    ... okay on input line 18.
LaTeX Font Info:    Checking defaults for OMX/cmex/m/n on input line 18.
LaTeX Font Info:    ... okay on input line 18.
LaTeX Font Info:    Checking defaults for U/cmr/m/n on input line 18.
LaTeX Font Info:    ... okay on input line 18.
LaTeX Font Info:    Checking defaults for PD1/pdf/m/n on input line 18.
LaTeX Font Info:    ... okay on input line 18.
LaTeX Font Info:    Checking defaults for PU/pdf/m/n on input line 18.
LaTeX Font Info:    ... okay on input line 18.

*geometry* driver: auto-detecting
*geometry* detected driver: pdftex
*geometry* verbose mode - [ preamble ] result:
* driver: pdftex
* paper: a4paper
* layout: <same size as paper>
* layoutoffset:(h,v)=(0.0pt,0.0pt)
* modes: 
* h-part:(L,W,R)=(72.26999pt, 452.9679pt, 72.26999pt)
* v-part:(T,H,B)=(72.26999pt, 700.50687pt, 72.26999pt)
* \paperwidth=597.50787pt
* \paperheight=845.04684pt
* \textwidth=452.9679pt
* \textheight=700.50687pt
* \oddsidemargin=0.0pt
* \evensidemargin=0.0pt
* \topmargin=-37.0pt
* \headheight=12.0pt
* \headsep=25.0pt
* \topskip=11.0pt
* \footskip=30.0pt
* \marginparwidth=59.0pt
* \marginparsep=10.0pt
* \columnsep=10.0pt
* \skip\footins=10.0pt plus 4.0pt minus 2.0pt
* \hoffset=0.0pt
* \voffset=0.0pt
* \mag=1000
* \@twocolumnfalse
* \@twosidefalse
* \@mparswitchfalse
* \@reversemarginfalse
* (1in=72.27pt=25.4mm, 1cm=28.453pt)

(/usr/local/texlive/2025/texmf-dist/tex/context/base/mkii/supp-pdf.mkii
[Loading MPS to PDF converter (version 2006.09.02).]
\scratchcounter=\count302
\scratchdimen=\dimen180
\scratchbox=\box57
\nofMPsegments=\count303
\nofMParguments=\count304
\everyMPshowfont=\toks25
\MPscratchCnt=\count305
\MPscratchDim=\dimen181
\MPnumerator=\count306
\makeMPintoPDFobject=\count307
\everyMPtoPDFconversion=\toks26
) (/usr/local/texlive/2025/texmf-dist/tex/latex/epstopdf-pkg/epstopdf-base.sty
Package: epstopdf-base 2020-01-24 v2.11 Base part for package epstopdf
Package epstopdf-base Info: Redefining graphics rule for `.eps' on input line 485.
 (/usr/local/texlive/2025/texmf-dist/tex/latex/latexconfig/epstopdf-sys.cfg
File: epstopdf-sys.cfg 2010/07/13 v1.3 Configuration of (r)epstopdf for TeX Live
))
Package hyperref Info: Link coloring OFF on input line 18.
 (./report.out) (./report.out)
\@outlinefile=\write3
\openout3 = `report.out'.

LaTeX Font Info:    Trying to load font information for U+msa on input line 20.
 (/usr/local/texlive/2025/texmf-dist/tex/latex/amsfonts/umsa.fd
File: umsa.fd 2013/01/14 v3.01 AMS symbols A
)
LaTeX Font Info:    Trying to load font information for U+msb on input line 20.
 (/usr/local/texlive/2025/texmf-dist/tex/latex/amsfonts/umsb.fd
File: umsb.fd 2013/01/14 v3.01 AMS symbols B
)

[1

{/usr/local/texlive/2025/texmf-var/fonts/map/pdftex/updmap/pdftex.map}]

[2]

[3]

[4]

[5]
Underfull \hbox (badness 7759) in paragraph at lines 419--420
[]|\OT1/cmr/m/n/8 Rows $\OML/cmm/m/it/8 a[] \OT1/cmr/m/n/8 = \OML/cmm/m/it/8 e[]; e[]; e[]; e[]; \OMS/cmsy/m/n/8 ^^@\OT1/cmr/bx/n/8 1$\OT1/cmr/m/n/8 , $\OML/cmm/m/it/8 b \OT1/cmr/m/n/8 =
 []


Underfull \hbox (badness 10000) in paragraph at lines 420--421
[]|$\OT1/cmtt/m/n/8 ill _ conditioned _ l1 _
 []


Underfull \hbox (badness 4429) in paragraph at lines 422--423
[]|$\OML/cmm/m/it/8 w \OT1/cmr/m/n/8 = (0\OML/cmm/m/it/8 :\OT1/cmr/m/n/8 1\OML/cmm/m/it/8 ; \OT1/cmr/m/n/8 0\OML/cmm/m/it/8 :\OT1/cmr/m/n/8 2\OML/cmm/m/it/8 ; \OT1/cmr/m/n/8 0\OML/cmm/m/it/8 :\OT1/cmr/m/n/8 5\OML/cmm/m/it/8 ; \OT1/cmr/m/n/8 1\OML/cmm/m/it/8 ; \OT1/cmr/m/n/8 2\OML/cmm/m/it/8 ; \OT1/cmr/m/n/8 5\OML/cmm/m/it/8 ; \OT1/cmr/m/n/8 10\OML/cmm/m/it/8 ; \OT1/cmr/m/n/8 25)$, $\OML/cmm/m/it/8 a \OT1/cmr/m/n/8 =
 []


Underfull \hbox (badness 10000) in paragraph at lines 423--424
[]|$\OT1/cmtt/m/n/8 ill _ conditioned _ max _
 []


Underfull \hbox (badness 5637) in paragraph at lines 425--426
[]|$\OML/cmm/m/it/8 c \OT1/cmr/m/n/8 = (0\OML/cmm/m/it/8 :\OT1/cmr/m/n/8 1\OML/cmm/m/it/8 ; \OT1/cmr/m/n/8 0\OML/cmm/m/it/8 :\OT1/cmr/m/n/8 2\OML/cmm/m/it/8 ; \OT1/cmr/m/n/8 0\OML/cmm/m/it/8 :\OT1/cmr/m/n/8 5\OML/cmm/m/it/8 ; \OT1/cmr/m/n/8 1\OML/cmm/m/it/8 ; \OT1/cmr/m/n/8 2\OML/cmm/m/it/8 ; \OT1/cmr/m/n/8 5\OML/cmm/m/it/8 ; \OT1/cmr/m/n/8 10\OML/cmm/m/it/8 ; \OT1/cmr/m/n/8 25)$, $\OML/cmm/m/it/8 a \OT1/cmr/m/n/8 =
 []


Underfull \hbox (badness 7981) in paragraph at lines 453--460
[]|$\OML/cmm/m/it/8 b \OT1/cmr/m/n/8 = (0\OML/cmm/m/it/8 ; \OT1/cmr/m/n/8 0\OML/cmm/m/it/8 :\OT1/cmr/m/n/8 1\OML/cmm/m/it/8 ; \OMS/cmsy/m/n/8 ^^@\OT1/cmr/m/n/8 0\OML/cmm/m/it/8 :\OT1/cmr/m/n/8 05\OML/cmm/m/it/8 ; \OT1/cmr/m/n/8 0\OML/cmm/m/it/8 :\OT1/cmr/m/n/8 2\OML/cmm/m/it/8 ; \OMS/cmsy/m/n/8 ^^@\OT1/cmr/m/n/8 0\OML/cmm/m/it/8 :\OT1/cmr/m/n/8 1\OML/cmm/m/it/8 ; \OT1/cmr/m/n/8 0\OML/cmm/m/it/8 :\OT1/cmr/m/n/8 05)$. The six
 []


Underfull \hbox (badness 10000) in paragraph at lines 453--460
\OT1/cmr/m/n/8 rows $\OML/cmm/m/it/8 a[]$ \OT1/cmr/m/n/8 are $(1\OML/cmm/m/it/8 ; \OMS/cmsy/m/n/8 ^^@\OT1/cmr/m/n/8 0\OML/cmm/m/it/8 :\OT1/cmr/m/n/8 5\OML/cmm/m/it/8 ; \OT1/cmr/m/n/8 0\OML/cmm/m/it/8 :\OT1/cmr/m/n/8 2\OML/cmm/m/it/8 ; \OT1/cmr/m/n/8 0\OML/cmm/m/it/8 ; \OMS/cmsy/m/n/8 ^^@\OT1/cmr/m/n/8 0\OML/cmm/m/it/8 :\OT1/cmr/m/n/8 3\OML/cmm/m/it/8 ; \OT1/cmr/m/n/8 0\OML/cmm/m/it/8 :\OT1/cmr/m/n/8 4\OML/cmm/m/it/8 ; \OT1/cmr/m/n/8 0\OML/cmm/m/it/8 :\OT1/cmr/m/n/8 1\OML/cmm/m/it/8 ; \OMS/cmsy/m/n/8 ^^@\OT1/cmr/m/n/8 0\OML/cmm/m/it/8 :\OT1/cmr/m/n/8 2)$,
 []


Underfull \hbox (badness 10000) in paragraph at lines 453--460
\OT1/cmr/m/n/8 (\OMS/cmsy/m/n/8 ^^@\OT1/cmr/m/n/8 0\OML/cmm/m/it/8 :\OT1/cmr/m/n/8 4\OML/cmm/m/it/8 ; \OT1/cmr/m/n/8 0\OML/cmm/m/it/8 :\OT1/cmr/m/n/8 8\OML/cmm/m/it/8 ; \OMS/cmsy/m/n/8 ^^@\OT1/cmr/m/n/8 0\OML/cmm/m/it/8 :\OT1/cmr/m/n/8 1\OML/cmm/m/it/8 ; \OT1/cmr/m/n/8 0\OML/cmm/m/it/8 :\OT1/cmr/m/n/8 3\OML/cmm/m/it/8 ; \OT1/cmr/m/n/8 0\OML/cmm/m/it/8 :\OT1/cmr/m/n/8 2\OML/cmm/m/it/8 ; \OMS/cmsy/m/n/8 ^^@\OT1/cmr/m/n/8 0\OML/cmm/m/it/8 :\OT1/cmr/m/n/8 5\OML/cmm/m/it/8 ; \OT1/cmr/m/n/8 0\OML/cmm/m/it/8 :\OT1/cmr/m/n/8 6\OML/cmm/m/it/8 ; \OT1/cmr/m/n/8 0)$,
 []


Underfull \hbox (badness 10000) in paragraph at lines 453--460
\OT1/cmr/m/n/8 (0\OML/cmm/m/it/8 :\OT1/cmr/m/n/8 2\OML/cmm/m/it/8 ; \OT1/cmr/m/n/8 0\OML/cmm/m/it/8 :\OT1/cmr/m/n/8 1\OML/cmm/m/it/8 ; \OT1/cmr/m/n/8 0\OML/cmm/m/it/8 :\OT1/cmr/m/n/8 9\OML/cmm/m/it/8 ; \OMS/cmsy/m/n/8 ^^@\OT1/cmr/m/n/8 0\OML/cmm/m/it/8 :\OT1/cmr/m/n/8 4\OML/cmm/m/it/8 ; \OT1/cmr/m/n/8 0\OML/cmm/m/it/8 :\OT1/cmr/m/n/8 5\OML/cmm/m/it/8 ; \OT1/cmr/m/n/8 0\OML/cmm/m/it/8 ; \OMS/cmsy/m/n/8 ^^@\OT1/cmr/m/n/8 0\OML/cmm/m/it/8 :\OT1/cmr/m/n/8 3\OML/cmm/m/it/8 ; \OT1/cmr/m/n/8 0\OML/cmm/m/it/8 :\OT1/cmr/m/n/8 4)$,
 []


Underfull \hbox (badness 10000) in paragraph at lines 453--460
\OT1/cmr/m/n/8 (0\OML/cmm/m/it/8 ; \OMS/cmsy/m/n/8 ^^@\OT1/cmr/m/n/8 0\OML/cmm/m/it/8 :\OT1/cmr/m/n/8 2\OML/cmm/m/it/8 ; \OT1/cmr/m/n/8 0\OML/cmm/m/it/8 :\OT1/cmr/m/n/8 4\OML/cmm/m/it/8 ; \OT1/cmr/m/n/8 1\OML/cmm/m/it/8 ; \OMS/cmsy/m/n/8 ^^@\OT1/cmr/m/n/8 0\OML/cmm/m/it/8 :\OT1/cmr/m/n/8 5\OML/cmm/m/it/8 ; \OT1/cmr/m/n/8 0\OML/cmm/m/it/8 :\OT1/cmr/m/n/8 3\OML/cmm/m/it/8 ; \OT1/cmr/m/n/8 0\OML/cmm/m/it/8 :\OT1/cmr/m/n/8 2\OML/cmm/m/it/8 ; \OMS/cmsy/m/n/8 ^^@\OT1/cmr/m/n/8 0\OML/cmm/m/it/8 :\OT1/cmr/m/n/8 1)$,
 []


Underfull \hbox (badness 10000) in paragraph at lines 453--460
\OT1/cmr/m/n/8 (\OMS/cmsy/m/n/8 ^^@\OT1/cmr/m/n/8 0\OML/cmm/m/it/8 :\OT1/cmr/m/n/8 3\OML/cmm/m/it/8 ; \OT1/cmr/m/n/8 0\OML/cmm/m/it/8 :\OT1/cmr/m/n/8 4\OML/cmm/m/it/8 ; \OT1/cmr/m/n/8 0\OML/cmm/m/it/8 ; \OMS/cmsy/m/n/8 ^^@\OT1/cmr/m/n/8 0\OML/cmm/m/it/8 :\OT1/cmr/m/n/8 2\OML/cmm/m/it/8 ; \OT1/cmr/m/n/8 0\OML/cmm/m/it/8 :\OT1/cmr/m/n/8 9\OML/cmm/m/it/8 ; \OMS/cmsy/m/n/8 ^^@\OT1/cmr/m/n/8 0\OML/cmm/m/it/8 :\OT1/cmr/m/n/8 1\OML/cmm/m/it/8 ; \OT1/cmr/m/n/8 0\OML/cmm/m/it/8 :\OT1/cmr/m/n/8 5\OML/cmm/m/it/8 ; \OT1/cmr/m/n/8 0\OML/cmm/m/it/8 :\OT1/cmr/m/n/8 2)$,
 []


Underfull \hbox (badness 10000) in paragraph at lines 460--461
[]|$\OT1/cmtt/m/n/8 simplex _ sparse _ max _
 []



[6]

[7]

[8{/usr/local/texlive/2025/texmf-dist/fonts/enc/dvips/cm-super/cm-super-ts1.enc}]
<figures/nonsmooth_objective_grid/nonsmooth_default_unrestricted.pdf, id=175, 895.14902pt x 655.53844pt>
File: figures/nonsmooth_objective_grid/nonsmooth_default_unrestricted.pdf Graphic file (type pdf)
<use figures/nonsmooth_objective_grid/nonsmooth_default_unrestricted.pdf>
Package pdftex.def Info: figures/nonsmooth_objective_grid/nonsmooth_default_unrestricted.pdf  used on input line 722.
(pdftex.def)             Requested size: 452.9679pt x 331.71948pt.


[9]

[10 <./figures/nonsmooth_objective_grid/nonsmooth_default_unrestricted.pdf>]
<figures/nonsmooth_objective_grid/nonsmooth_default_restricted.pdf, id=197, 895.14902pt x 655.53844pt>
File: figures/nonsmooth_objective_grid/nonsmooth_default_restricted.pdf Graphic file (type pdf)
<use figures/nonsmooth_objective_grid/nonsmooth_default_restricted.pdf>
Package pdftex.def Info: figures/nonsmooth_objective_grid/nonsmooth_default_restricted.pdf  used on input line 741.
(pdftex.def)             Requested size: 452.9679pt x 331.71948pt.
<figures/nonsmooth_objective_grid/nonsmooth_restriction_norm_gap.pdf, id=199, 895.14902pt x 655.63254pt>
File: figures/nonsmooth_objective_grid/nonsmooth_restriction_norm_gap.pdf Graphic file (type pdf)
<use figures/nonsmooth_objective_grid/nonsmooth_restriction_norm_gap.pdf>
Package pdftex.def Info: figures/nonsmooth_objective_grid/nonsmooth_restriction_norm_gap.pdf  used on input line 759.
(pdftex.def)             Requested size: 452.9679pt x 331.76709pt.


[11 <./figures/nonsmooth_objective_grid/nonsmooth_default_restricted.pdf>]

[12 <./figures/nonsmooth_objective_grid/nonsmooth_restriction_norm_gap.pdf>]
<figures/nonsmooth_objective_grid/nonsmooth_gamma_sweep.pdf, id=230, 895.09253pt x 666.40717pt>
File: figures/nonsmooth_objective_grid/nonsmooth_gamma_sweep.pdf Graphic file (type pdf)
<use figures/nonsmooth_objective_grid/nonsmooth_gamma_sweep.pdf>
Package pdftex.def Info: figures/nonsmooth_objective_grid/nonsmooth_gamma_sweep.pdf  used on input line 783.
(pdftex.def)             Requested size: 452.9679pt x 337.24983pt.
<figures/nonsmooth_objective_grid/nonsmooth_gamma_d_grid.pdf, id=232, 895.09253pt x 666.40717pt>
File: figures/nonsmooth_objective_grid/nonsmooth_gamma_d_grid.pdf Graphic file (type pdf)
<use figures/nonsmooth_objective_grid/nonsmooth_gamma_d_grid.pdf>
Package pdftex.def Info: figures/nonsmooth_objective_grid/nonsmooth_gamma_d_grid.pdf  used on input line 803.
(pdftex.def)             Requested size: 452.9679pt x 337.24983pt.


[13 <./figures/nonsmooth_objective_grid/nonsmooth_gamma_sweep.pdf>]

[14 <./figures/nonsmooth_objective_grid/nonsmooth_gamma_d_grid.pdf>]
<figures/nonsmooth_objective_grid/nonsmooth_method_comparison.pdf, id=267, 895.11894pt x 666.46991pt>
File: figures/nonsmooth_objective_grid/nonsmooth_method_comparison.pdf Graphic file (type pdf)
<use figures/nonsmooth_objective_grid/nonsmooth_method_comparison.pdf>
Package pdftex.def Info: figures/nonsmooth_objective_grid/nonsmooth_method_comparison.pdf  used on input line 833.
(pdftex.def)             Requested size: 452.9679pt x 337.26125pt.
<figures/nonsmooth_objective_grid/nonsmooth_runtime_vs_final_objective_gap.pdf, id=268, 786.58847pt x 654.66304pt>
File: figures/nonsmooth_objective_grid/nonsmooth_runtime_vs_final_objective_gap.pdf Graphic file (type pdf)
<use figures/nonsmooth_objective_grid/nonsmooth_runtime_vs_final_objective_gap.pdf>
Package pdftex.def Info: figures/nonsmooth_objective_grid/nonsmooth_runtime_vs_final_objective_gap.pdf  used on input line 840.
(pdftex.def)             Requested size: 452.9679pt x 377.0077pt.


[15 <./figures/nonsmooth_objective_grid/nonsmooth_method_comparison.pdf>]

[16 <./figures/nonsmooth_objective_grid/nonsmooth_runtime_vs_final_objective_gap.pdf>]
<figures/prox_geometry_comparison/prox_geometry.pdf, id=321, 895.39027pt x 250.25745pt>
File: figures/prox_geometry_comparison/prox_geometry.pdf Graphic file (type pdf)
<use figures/prox_geometry_comparison/prox_geometry.pdf>
Package pdftex.def Info: figures/prox_geometry_comparison/prox_geometry.pdf  used on input line 896.
(pdftex.def)             Requested size: 452.9679pt x 126.60239pt.
<figures/prox_geometry_comparison/prox_runtime_vs_final_objective_gap.pdf, id=325, 786.8598pt x 238.92989pt>
File: figures/prox_geometry_comparison/prox_runtime_vs_final_objective_gap.pdf Graphic file (type pdf)
<use figures/prox_geometry_comparison/prox_runtime_vs_final_objective_gap.pdf>
Package pdftex.def Info: figures/prox_geometry_comparison/prox_runtime_vs_final_objective_gap.pdf  used on input line 913.
(pdftex.def)             Requested size: 452.9679pt x 137.54402pt.


[17 <./figures/prox_geometry_comparison/prox_geometry.pdf>]
<figures/simplex_entropy_geometry/simplex_entropy.pdf, id=344, 895.11894pt x 261.07915pt>
File: figures/simplex_entropy_geometry/simplex_entropy.pdf Graphic file (type pdf)
<use figures/simplex_entropy_geometry/simplex_entropy.pdf>
Package pdftex.def Info: figures/simplex_entropy_geometry/simplex_entropy.pdf  used on input line 961.
(pdftex.def)             Requested size: 452.9679pt x 132.1168pt.
<figures/simplex_entropy_geometry/simplex_runtime_vs_final_objective_gap.pdf, id=346, 786.58847pt x 238.92989pt>
File: figures/simplex_entropy_geometry/simplex_runtime_vs_final_objective_gap.pdf Graphic file (type pdf)
<use figures/simplex_entropy_geometry/simplex_runtime_vs_final_objective_gap.pdf>
Package pdftex.def Info: figures/simplex_entropy_geometry/simplex_runtime_vs_final_objective_gap.pdf  used on input line 975.
(pdftex.def)             Requested size: 452.9679pt x 137.59506pt.


[18 <./figures/prox_geometry_comparison/prox_runtime_vs_final_objective_gap.pdf> <./figures/simplex_entropy_geometry/simplex_entropy.pdf>]
<figures/lasso_logistic_sparsity/lasso_d_comparison.pdf, id=388, 894.36012pt x 677.26022pt>
File: figures/lasso_logistic_sparsity/lasso_d_comparison.pdf Graphic file (type pdf)
<use figures/lasso_logistic_sparsity/lasso_d_comparison.pdf>
Package pdftex.def Info: figures/lasso_logistic_sparsity/lasso_d_comparison.pdf  used on input line 1057.
(pdftex.def)             Requested size: 452.9679pt x 343.01096pt.


[19 <./figures/simplex_entropy_geometry/simplex_runtime_vs_final_objective_gap.pdf>]

[20 <./figures/lasso_logistic_sparsity/lasso_d_comparison.pdf>]
<figures/lasso_logistic_sparsity/lasso_parameter_sweep.pdf, id=427, 894.36012pt x 677.35432pt>
File: figures/lasso_logistic_sparsity/lasso_parameter_sweep.pdf Graphic file (type pdf)
<use figures/lasso_logistic_sparsity/lasso_parameter_sweep.pdf>
Package pdftex.def Info: figures/lasso_logistic_sparsity/lasso_parameter_sweep.pdf  used on input line 1074.
(pdftex.def)             Requested size: 452.9679pt x 343.05862pt.
<figures/lasso_logistic_sparsity/lasso_parameter_sweep_train_objective.pdf, id=428, 889.7171pt x 677.35432pt>
File: figures/lasso_logistic_sparsity/lasso_parameter_sweep_train_objective.pdf Graphic file (type pdf)
<use figures/lasso_logistic_sparsity/lasso_parameter_sweep_train_objective.pdf>
Package pdftex.def Info: figures/lasso_logistic_sparsity/lasso_parameter_sweep_train_objective.pdf  used on input line 1081.
(pdftex.def)             Requested size: 452.9679pt x 344.85701pt.
<figures/lasso_logistic_sparsity/lasso_norms.pdf, id=430, 898.5338pt x 677.26022pt>
File: figures/lasso_logistic_sparsity/lasso_norms.pdf Graphic file (type pdf)
<use figures/lasso_logistic_sparsity/lasso_norms.pdf>
Package pdftex.def Info: figures/lasso_logistic_sparsity/lasso_norms.pdf  used on input line 1095.
(pdftex.def)             Requested size: 452.9679pt x 341.4195pt.
<figures/lasso_logistic_sparsity/lasso_runtime_vs_final_objective_gap_to_sklearn.pdf, id=432, 785.95071pt x 654.66304pt>
File: figures/lasso_logistic_sparsity/lasso_runtime_vs_final_objective_gap_to_sklearn.pdf Graphic file (type pdf)
<use figures/lasso_logistic_sparsity/lasso_runtime_vs_final_objective_gap_to_sklearn.pdf>
Package pdftex.def Info: figures/lasso_logistic_sparsity/lasso_runtime_vs_final_objective_gap_to_sklearn.pdf  used on input line 1112.
(pdftex.def)             Requested size: 452.9679pt x 377.30739pt.


[21 <./figures/lasso_logistic_sparsity/lasso_parameter_sweep.pdf>]

[22 <./figures/lasso_logistic_sparsity/lasso_parameter_sweep_train_objective.pdf>]

[23 <./figures/lasso_logistic_sparsity/lasso_norms.pdf>]

[24 <./figures/lasso_logistic_sparsity/lasso_runtime_vs_final_objective_gap_to_sklearn.pdf>]
<figures/lasso_logistic_sparsity_ssa_comparison/lasso_ssa_runtime_vs_final_objective_gap_to_sklearn.pdf, id=524, 785.95071pt x 447.03134pt>
File: figures/lasso_logistic_sparsity_ssa_comparison/lasso_ssa_runtime_vs_final_objective_gap_to_sklearn.pdf Graphic file (type pdf)
<use figures/lasso_logistic_sparsity_ssa_comparison/lasso_ssa_runtime_vs_final_objective_gap_to_sklearn.pdf>
Package pdftex.def Info: figures/lasso_logistic_sparsity_ssa_comparison/lasso_ssa_runtime_vs_final_objective_gap_to_sklearn.pdf  used on input line 1164.
(pdftex.def)             Requested size: 452.9679pt x 257.64128pt.


[25 <./figures/lasso_logistic_sparsity_ssa_comparison/lasso_ssa_runtime_vs_final_objective_gap_to_sklearn.pdf>]
<figures/lasso_logistic_sparsity_ssa_comparison/lasso_ssa_parameter_sweep.pdf, id=555, 894.00044pt x 458.39505pt>
File: figures/lasso_logistic_sparsity_ssa_comparison/lasso_ssa_parameter_sweep.pdf Graphic file (type pdf)
<use figures/lasso_logistic_sparsity_ssa_comparison/lasso_ssa_parameter_sweep.pdf>
Package pdftex.def Info: figures/lasso_logistic_sparsity_ssa_comparison/lasso_ssa_parameter_sweep.pdf  used on input line 1178.
(pdftex.def)             Requested size: 452.9679pt x 232.26057pt.
<figures/lasso_logistic_sparsity_ssa_comparison/lasso_ssa_parameter_sweep_train_objective.pdf, id=557, 895.52585pt x 469.21674pt>
File: figures/lasso_logistic_sparsity_ssa_comparison/lasso_ssa_parameter_sweep_train_objective.pdf Graphic file (type pdf)
<use figures/lasso_logistic_sparsity_ssa_comparison/lasso_ssa_parameter_sweep_train_objective.pdf>
Package pdftex.def Info: figures/lasso_logistic_sparsity_ssa_comparison/lasso_ssa_parameter_sweep_train_objective.pdf  used on input line 1193.
(pdftex.def)             Requested size: 452.9679pt x 237.33562pt.


[26 <./figures/lasso_logistic_sparsity_ssa_comparison/lasso_ssa_parameter_sweep.pdf>]

[27 <./figures/lasso_logistic_sparsity_ssa_comparison/lasso_ssa_parameter_sweep_train_objective.pdf>]

[28] (./report.aux)
 ***********
LaTeX2e <2024-11-01> patch level 2
L3 programming layer <2025-01-18>
 ***********
Package rerunfilecheck Info: File `report.out' has not changed.
(rerunfilecheck)             Checksum: BB4D7B1A04C7D7B5ACEB3ED33BB3280D;2968.
 ) 
Here is how much of TeX's memory you used:
 10705 strings out of 473190
 172621 string characters out of 5715799
 581813 words of memory out of 5000000
 33704 multiletter control sequences out of 15000+600000
 572965 words of font info for 90 fonts, out of 8000000 for 9000
 1141 hyphenation exceptions out of 8191
 75i,13n,79p,452b,610s stack positions out of 10000i,1000n,20000p,200000b,200000s
</usr/local/texlive/2025/texmf-dist/fonts/type1/public/amsfonts/cm/cmbx10.pfb></usr/local/texlive/2025/texmf-dist/fonts/type1/public/amsfonts/cm/cmbx12.pfb></usr/local/texlive/2025/texmf-dist/fonts/type1/public/amsfonts/cm/cmbx8.pfb></usr/local/texlive/2025/texmf-dist/fonts/type1/public/amsfonts/cm/cmex10.pfb></usr/local/texlive/2025/texmf-dist/fonts/type1/public/amsfonts/cmextra/cmex8.pfb></usr/local/texlive/2025/texmf-dist/fonts/type1/public/amsfonts/cm/cmmi10.pfb></usr/local/texlive/2025/texmf-dist/fonts/type1/public/amsfonts/cm/cmmi6.pfb></usr/local/texlive/2025/texmf-dist/fonts/type1/public/amsfonts/cm/cmmi7.pfb></usr/local/texlive/2025/texmf-dist/fonts/type1/public/amsfonts/cm/cmmi8.pfb></usr/local/texlive/2025/texmf-dist/fonts/type1/public/amsfonts/cm/cmr10.pfb></usr/local/texlive/2025/texmf-dist/fonts/type1/public/amsfonts/cm/cmr12.pfb></usr/local/texlive/2025/texmf-dist/fonts/type1/public/amsfonts/cm/cmr17.pfb></usr/local/texlive/2025/texmf-dist/fonts/type1/public/amsfonts/cm/cmr6.pfb></usr/local/texlive/2025/texmf-dist/fonts/type1/public/amsfonts/cm/cmr7.pfb></usr/local/texlive/2025/texmf-dist/fonts/type1/public/amsfonts/cm/cmr8.pfb></usr/local/texlive/2025/texmf-dist/fonts/type1/public/amsfonts/cm/cmss8.pfb></usr/local/texlive/2025/texmf-dist/fonts/type1/public/amsfonts/cm/cmsy10.pfb></usr/local/texlive/2025/texmf-dist/fonts/type1/public/amsfonts/cm/cmsy6.pfb></usr/local/texlive/2025/texmf-dist/fonts/type1/public/amsfonts/cm/cmsy7.pfb></usr/local/texlive/2025/texmf-dist/fonts/type1/public/amsfonts/cm/cmsy8.pfb></usr/local/texlive/2025/texmf-dist/fonts/type1/public/amsfonts/cm/cmti10.pfb></usr/local/texlive/2025/texmf-dist/fonts/type1/public/amsfonts/cm/cmtt10.pfb></usr/local/texlive/2025/texmf-dist/fonts/type1/public/amsfonts/cm/cmtt8.pfb></usr/local/texlive/2025/texmf-dist/fonts/type1/public/amsfonts/symbols/msbm10.pfb></usr/local/texlive/2025/texmf-dist/fonts/type1/public/cm-super/sfrm1095.pfb>
Output written on report.pdf (28 pages, 1335742 bytes).
PDF statistics:
 722 PDF objects out of 1000 (max. 8388607)
 474 compressed objects within 5 object streams
 121 named destinations out of 1000 (max. 500000)
 224 words of extra memory for PDF output out of 10000 (max. 10000000)

